
======== Input profiles ========
Profile host:
[settings]
arch=x86_64
build_type=Release
compiler=clang
compiler.cppstd=gnu17
compiler.libcxx=libc++
compiler.version=18
os=FreeBSD
thedarkmod/*:build_type=Release

Profile build:
[settings]
arch=x86_64
build_type=Release
compiler=clang
compiler.cppstd=gnu17
compiler.libcxx=libc++
compiler.version=18
os=FreeBSD


======== Computing dependency graph ========
OPT bzip2 = False on minizip
OPT with_ssl = mbedtls on libcurl
OPT SSE = SSE2 on blake2
OPT with_x11 = True on glfw
OPT with_wayland = True on glfw
Graph root
    conanfile.py (thedarkmod/None): /home/tigersharke/GitRepos/PortsTree/games/darkmod-dev/work/darkmod_src-6eba8ced56fb3630e0bb6adbbf95727f64f2364d/ThirdParty/conanfile.py
Requirements
    blake2/20190724@thedarkmod#51187723b42214785d62f0090118873b - Cache
    doctest/2.4.11#a4211dfc329a16ba9f280f9574025659 - Cache
    ffmpeg/7.1.3@thedarkmod#96a7c3dd88c4e8aebd7bc8345e356960 - Cache
    fltk/1.3.11@thedarkmod#d1f9d361637599a6199fb4cbfd88fd14 - Cache
    glfw/3.4#d22735696db44cbdfecd7daf66f32931 - Cache
    glu/system#5f205c4daa8fe4f820869771146885de - Cache
    libcurl/8.19.0#2b593de2a7f92cb5cc089ac471e5e8b4 - Cache
    libjpeg/9f@thedarkmod#e5a0879280e65cb68be5b4c088492ba5 - Cache
    libpng/1.6.57#50b9fd2ad4a46f22921d9a615fb2fd46 - Cache
    mbedtls/3.6.6#b122cf60f4d15638835cc8ac992b17db - Cache
    minizip/1.3.1#0fe428c3789670e2a03b3ad2a941d4b7 - Cache
    ogg/1.3.5#e8186fe05ebe9f8e706fa4bde2164d12 - Cache
    openal/1.24.1@thedarkmod#167f4b4068b143a42894d24d2e3b3f5c - Cache
    opengl/system#cfcf523b9d2bad75cbf377f56562634c - Cache
    pugixml/1.15#3c90254c9582f5f49d84bbf7f3e55e71 - Cache
    tinyformat/2.3.0@thedarkmod#ce69108b443bc1e28580e854371cccba - Cache
    tracy/0.13.1@thedarkmod#71aeed268e824a5bffea8ff98eb8ce18 - Cache
    vorbis/1.3.7#a019e93187ade6ee8a51762f88092604 - Cache
    zlib/1.3.1#cac0f6daea041b0ccf42934163defb20 - Cache
Build requirements
    autoconf/2.71#51077f068e61700d65bb05541ea1e4b0 - Cache
    automake/1.16.5#b91b7c384c3deaa9d535be02da14d04f - Cache
    gnu-config/cci.20210814#466e9d4d7779e1c142443f7ea44b4284 - Cache
    libtool/2.4.7#14e7739cc128bc1623d2ed318008e47e - Cache
    m4/1.4.19#1727f439cf74e83826ec96d0b4904eee - Cache
    meson/1.10.2#9d2d10681fe7fe61c788c58626c89b25 - Cache
    nasm/2.16.01#31e26f2ee3c4346ecd347911bd126904 - Cache
    ninja/1.13.2#c8c5dc2a52ed6e4e42a66d75b4717ceb - Cache
    pkgconf/2.5.1#93c2051284cba1279494a43a4fcfeae2 - Cache
Resolved version ranges
    meson/[>=1.2.2 <2]: meson/1.10.2
    ninja/[>=1.10.2 <2]: ninja/1.13.2
    pkgconf/[>=2.1 <3]: pkgconf/2.5.1
    pkgconf/[>=2.2 <3]: pkgconf/2.5.1
Overrides
    ogg/1.3.5#e8186fe05ebe9f8e706fa4bde2164d12: [None, 'ogg/1.3.5']
    zlib/[>=1.2.11 <2]: ['zlib/1.3.1']
    mbedtls/3.5.0: ['mbedtls/3.6.6']
    libjpeg/9e: ['libjpeg/9f@thedarkmod']
    libpng/[>=1.6 <2]: ['libpng/1.6.57']

======== Computing necessary packages ========
Connecting to remote 'conancenter' anonymously
ninja/1.13.2: Compatible package ID 8ff32efb8d691cb13cf4fbfc650b0bd21932e611 equal to the default package ID: Skipping it.
pugixml/1.15: Compatible package ID 9665aec9d6227041f29953a9a16e82af789af736 equal to the default package ID: Skipping it.
pugixml/1.15: Main binary package '9665aec9d6227041f29953a9a16e82af789af736' missing
pugixml/1.15: Checking 13 compatible configurations
pugixml/1.15: Compatible configurations not found in cache, checking servers
pugixml/1.15: '3dbb53be6c3836bca29c83331c2e1462e38cab09': compiler.cppstd=98
pugixml/1.15: '7e132b002a8286e8ab35e839fde7bb39c8d4eb25': compiler.cppstd=gnu98
pugixml/1.15: 'cd3095cfc6773c2dc3d1d2b3ba0003ac6ca6be2f': compiler.cppstd=11
pugixml/1.15: 'bda2fda3b62880e225ae2de2386d43e985ad0062': compiler.cppstd=gnu11
pugixml/1.15: '13111c4fd56d4fc851791cf4d83f0347c97da439': compiler.cppstd=14
pugixml/1.15: 'e3ba832b02f43c7d0a5bcae77af1d534b9ffbfea': compiler.cppstd=gnu14
pugixml/1.15: '718b34533a770918fb3080b1614d16e129a4615a': compiler.cppstd=17
pugixml/1.15: '5f23247e1695375a143e377590dfd15930a0f97a': compiler.cppstd=20
pugixml/1.15: '0a4e72f00f0f99027394681d69c967824cb8086a': compiler.cppstd=gnu20
pugixml/1.15: '18fcee8ba20feb88ead2ef325102bf74f4246820': compiler.cppstd=23
pugixml/1.15: '7946718411861ae53dcfe4e57c4467013428cd91': compiler.cppstd=gnu23
pugixml/1.15: 'd28bd647bc1bf605254c9eebf48eaed6994d77c4': compiler.cppstd=26
pugixml/1.15: 'd34a83e1a9b7fc5abfad47764280b4af2cefa936': compiler.cppstd=gnu26
pugixml/1.15: No compatible configuration found
autoconf/2.71: Compatible package ID 605957f71b8b43df71edcca51d7f1df809eead7d equal to the default package ID: Skipping it.
fltk/1.3.11@thedarkmod: Compatible package ID 89c1614a109cf022f9cb29fc4184f6216485e839 equal to the default package ID: Skipping it.
fltk/1.3.11@thedarkmod: Main binary package '89c1614a109cf022f9cb29fc4184f6216485e839' missing
fltk/1.3.11@thedarkmod: Checking 13 compatible configurations
fltk/1.3.11@thedarkmod: Compatible configurations not found in cache, checking servers
fltk/1.3.11@thedarkmod: 'fc37b0ee8268646087db7f647a0c52cc22756791': compiler.cppstd=98
fltk/1.3.11@thedarkmod: '7f3a60f2cfbbfef95d97f43bdf541d1df8bc16c5': compiler.cppstd=gnu98
fltk/1.3.11@thedarkmod: '35b7ba6efa87ee15a9b924b2b3025c5a2631c1c7': compiler.cppstd=11
fltk/1.3.11@thedarkmod: '68658eaad1735e9f405c62c7e70f0cefe1fb8164': compiler.cppstd=gnu11
fltk/1.3.11@thedarkmod: '6b320db847e043effc2db7ef5d78923f3fe1b49a': compiler.cppstd=14
fltk/1.3.11@thedarkmod: '21ebf92f3070b49057667342a96c4251bcdc009c': compiler.cppstd=gnu14
fltk/1.3.11@thedarkmod: '163f4de65e2a8c517590f6f9e82a2b60d6255095': compiler.cppstd=17
fltk/1.3.11@thedarkmod: 'c8c1fbc5cada7b643febe98d576d66362d2084f0': compiler.cppstd=20
fltk/1.3.11@thedarkmod: '3f4713b3f8b818dacb411f46b4e8982ba76c7287': compiler.cppstd=gnu20
fltk/1.3.11@thedarkmod: 'df6482d85e16abd82cfc4d078bd6765683a6bc24': compiler.cppstd=23
fltk/1.3.11@thedarkmod: '0faf9e9b1fd4a5ad1c3ef3d4cbe84da9e07abf58': compiler.cppstd=gnu23
fltk/1.3.11@thedarkmod: 'c7f4a78424a4af5b79576dba2c6337476fe8ecc4': compiler.cppstd=26
fltk/1.3.11@thedarkmod: '56c254577f131e8123e99a41f7708ecb29810b68': compiler.cppstd=gnu26
fltk/1.3.11@thedarkmod: No compatible configuration found

A new experimental approach for binary compatibility detection is available.
    Enable it by setting the core.graph:compatibility_mode=optimized conf
    and get improved performance when querying multiple compatible binaries in remotes.

Requirements
    blake2/20190724@thedarkmod#51187723b42214785d62f0090118873b:dbc8cffb50aa3423cde587c5f284e5214a3b5efa#761690e170f7611aee4980b975828f6b - Cache
        settings: os=FreeBSD arch=x86_64 compiler=clang compiler.cppstd=gnu17 compiler.libcxx=libc++ compiler.version=18 build_type=Release
        options: SSE=SSE2 shared=False
    doctest/2.4.11#a4211dfc329a16ba9f280f9574025659:da39a3ee5e6b4b0d3255bfef95601890afd80709#c64e99fa3cf2e427c3b1dfd6c0ff0f68 - Cache
    ffmpeg/7.1.3@thedarkmod#96a7c3dd88c4e8aebd7bc8345e356960:1bb958c0bbe6b7d61308d1275cf930ca0a8684a6 - Build
        settings: os=FreeBSD arch=x86_64 compiler=clang compiler.version=18 build_type=Release
        options: avcodec=True avdevice=False avfilter=False avformat=True disable_all_bitstream_filters=False disable_all_decoders=False disable_all_demuxers=False disable_all_devices=False disable_all_encoders=False disable_all_filters=False disable_all_hardware_accelerators=False disable_all_input_devices=False disable_all_muxers=False disable_all_output_devices=False disable_all_parsers=False disable_all_protocols=False disable_bitstream_filters=False disable_decoders=False disable_demuxers=False disable_encoders=False disable_everything=False disable_filters=False disable_hardware_accelerators=False disable_input_devices=False disable_muxers=False disable_output_devices=False disable_parsers=False disable_protocols=False enable_bitstream_filters=False enable_decoders=False enable_demuxers=False enable_encoders=False enable_filters=False enable_hardware_accelerators=False enable_input_devices=False enable_muxers=False enable_output_devices=False enable_parsers=False enable_protocols=False fPIC=False network=False postproc=False shared=False swresample=True swscale=True with_asm=False with_bzip2=False with_fontconfig=False with_freetype=False with_fribidi=False with_harfbuzz=False with_libalsa=False with_libaom=False with_libdav1d=False with_libdrm=False with_libfdk_aac=False with_libiconv=False with_libjxl=False with_libmp3lame=False with_libsvtav1=False with_libvpx=False with_libwebp=False with_libx264=False with_libx265=False with_libxml2=False with_lzma=False with_openh264=False with_openjpeg=False with_opus=False with_programs=False with_pulse=False with_sdl=False with_soxr=False with_ssl=False with_vaapi=False with_vdpau=False with_vorbis=False with_vulkan=False with_xcb=False with_xlib=False with_zeromq=False with_zlib=False
    fltk/1.3.11@thedarkmod#d1f9d361637599a6199fb4cbfd88fd14:89c1614a109cf022f9cb29fc4184f6216485e839 - Build
        settings: os=FreeBSD arch=x86_64 compiler=clang compiler.cppstd=gnu17 compiler.libcxx=libc++ compiler.version=18 build_type=Release
        options: abi_version=10311 fPIC=True shared=False with_gl=True with_threads=True with_xft=False
        requires: libjpeg/9f@thedarkmod libpng/1.6.Z zlib/1.3.Z glu/system opengl/system
    glfw/3.4#d22735696db44cbdfecd7daf66f32931:b24c784e95b5d025356dee65f63f6dd603f3647a - Build
        settings: os=FreeBSD arch=x86_64 compiler=clang compiler.version=18 build_type=Release
        options: fPIC=True shared=False with_x11=True
        requires: opengl/system
    glu/system#5f205c4daa8fe4f820869771146885de:da39a3ee5e6b4b0d3255bfef95601890afd80709#0ba8627bd47edc3a501e8f0eb9a79e5e - Cache
    libcurl/8.19.0#2b593de2a7f92cb5cc089ac471e5e8b4:f84b3db93dcd3e8fe043de5a57d0d38bf9ffe52b - Build
        settings: os=FreeBSD arch=x86_64 compiler=clang compiler.version=18 build_type=Release
        options: build_executable=False fPIC=True shared=False with_brotli=False with_c_ares=False with_ca_bundle=auto with_ca_fallback=False with_ca_path=auto with_cookies=True with_crypto_auth=True with_dict=True with_docs=False with_file=True with_form_api=True with_ftp=True with_gopher=True with_http=True with_imap=True with_ipv6=True with_largemaxwritesize=False with_ldap=False with_libgsasl=False with_libidn=False with_libpsl=False with_librtmp=False with_libssh2=False with_misc_docs=False with_mqtt=True with_nghttp2=False with_ntlm=True with_ntlm_wb=True with_pop3=True with_proxy=True with_rtsp=True with_smb=True with_smtp=True with_ssl=mbedtls with_symbol_hiding=False with_telnet=True with_tftp=True with_threaded_resolver=True with_unix_sockets=True with_verbose_debug=True with_verbose_strings=True with_websockets=True with_zlib=True with_zstd=False
        requires: mbedtls/3.6.Z zlib/1.3.Z
    libjpeg/9f@thedarkmod#e5a0879280e65cb68be5b4c088492ba5:4f2f0b32892774c57b925707b1efe867af6007fd#e8e5f57dc17d930042be2dbd67bf5b84 - Cache
        settings: os=FreeBSD arch=x86_64 compiler=clang compiler.version=18 build_type=Release
        options: fPIC=True shared=False
    libpng/1.6.57#50b9fd2ad4a46f22921d9a615fb2fd46:5dd9a38ceb57f0aa5d0680ffd8897b487b01c378 - Build
        settings: os=FreeBSD arch=x86_64 compiler=clang compiler.version=18 build_type=Release
        options: api_prefix= fPIC=True shared=False sse=True
        requires: zlib/1.3.Z
    mbedtls/3.6.6#b122cf60f4d15638835cc8ac992b17db:dce81ee80a5d9f018265544ad533086c0dd89678#bc8c258e5dd01b78f116669316ccc415 - Cache
        settings: os=FreeBSD arch=x86_64 compiler=clang compiler.version=18 build_type=Release
        options: enable_threading=False fPIC=True shared=False
    minizip/1.3.1#0fe428c3789670e2a03b3ad2a941d4b7:2e1098d9acf0d148d3accdacd62d132dc10496a1 - Build
        settings: os=FreeBSD arch=x86_64 compiler=clang compiler.version=18 build_type=Release
        options: bzip2=False fPIC=True shared=False tools=False
        requires: zlib/1.3.Z
    ogg/1.3.5#e8186fe05ebe9f8e706fa4bde2164d12:4f2f0b32892774c57b925707b1efe867af6007fd - Build
        settings: os=FreeBSD arch=x86_64 compiler=clang compiler.version=18 build_type=Release
        options: fPIC=True shared=False
    openal/1.24.1@thedarkmod#167f4b4068b143a42894d24d2e3b3f5c:03657b8bfe589d48338ec8b10d086660f2510f8a - Build
        settings: os=FreeBSD arch=x86_64 compiler=clang compiler.libcxx=libc++ compiler.version=18 build_type=Release
        options: fPIC=True shared=False
    opengl/system#cfcf523b9d2bad75cbf377f56562634c:da39a3ee5e6b4b0d3255bfef95601890afd80709#0ba8627bd47edc3a501e8f0eb9a79e5e - Cache
    pugixml/1.15#3c90254c9582f5f49d84bbf7f3e55e71:9665aec9d6227041f29953a9a16e82af789af736 - Build
        settings: os=FreeBSD arch=x86_64 compiler=clang compiler.cppstd=gnu17 compiler.libcxx=libc++ compiler.version=18 build_type=Release
        options: fPIC=True header_only=False no_exceptions=False shared=False wchar_mode=False
    tinyformat/2.3.0@thedarkmod#ce69108b443bc1e28580e854371cccba:da39a3ee5e6b4b0d3255bfef95601890afd80709 - Build
    tracy/0.13.1@thedarkmod#71aeed268e824a5bffea8ff98eb8ce18:da39a3ee5e6b4b0d3255bfef95601890afd80709 - Build
    vorbis/1.3.7#a019e93187ade6ee8a51762f88092604:f2b6da49bf8fa54090bd548593b48a29509125be - Build
        settings: os=FreeBSD arch=x86_64 compiler=clang compiler.version=18 build_type=Release
        options: fPIC=True shared=False
        requires: ogg/1.3.Z
    zlib/1.3.1#cac0f6daea041b0ccf42934163defb20:4f2f0b32892774c57b925707b1efe867af6007fd - Build
        settings: os=FreeBSD arch=x86_64 compiler=clang compiler.version=18 build_type=Release
        options: fPIC=True shared=False
Build requirements
    autoconf/2.71#51077f068e61700d65bb05541ea1e4b0:605957f71b8b43df71edcca51d7f1df809eead7d - Build
        settings: os=FreeBSD
    automake/1.16.5#b91b7c384c3deaa9d535be02da14d04f:605957f71b8b43df71edcca51d7f1df809eead7d - Build
        settings: os=FreeBSD
    gnu-config/cci.20210814#466e9d4d7779e1c142443f7ea44b4284:da39a3ee5e6b4b0d3255bfef95601890afd80709#22618e30bd9e326eb95e824dc90cc860 - Cache
    libtool/2.4.7#14e7739cc128bc1623d2ed318008e47e:4f2f0b32892774c57b925707b1efe867af6007fd - Build
        settings: os=FreeBSD arch=x86_64 compiler=clang compiler.version=18 build_type=Release
        options: fPIC=True shared=False
    m4/1.4.19#1727f439cf74e83826ec96d0b4904eee:8ff32efb8d691cb13cf4fbfc650b0bd21932e611#2da7a20c687c931c9c81cfb5a190db3c - Cache
        settings: os=FreeBSD arch=x86_64 build_type=Release
    meson/1.10.2#9d2d10681fe7fe61c788c58626c89b25:da39a3ee5e6b4b0d3255bfef95601890afd80709#f54fda458a6ea9fa57bcbb5f76c05bd7 - Cache
    nasm/2.16.01#31e26f2ee3c4346ecd347911bd126904:8ff32efb8d691cb13cf4fbfc650b0bd21932e611 - Build
        settings: os=FreeBSD arch=x86_64 build_type=Release
    ninja/1.13.2#c8c5dc2a52ed6e4e42a66d75b4717ceb:8ff32efb8d691cb13cf4fbfc650b0bd21932e611 - Build
        settings: os=FreeBSD arch=x86_64 build_type=Release
    pkgconf/2.5.1#93c2051284cba1279494a43a4fcfeae2:d3cb6f3bd043ee872fd1348f2c3ee0cef7f218c3 - Build
        settings: os=FreeBSD arch=x86_64 build_type=Release
        options: enable_lib=False
opengl/system: Full command: pkg info libglvnd
opengl/system: System requirements: libglvnd already installed
glu/system: Full command: pkg info libGLU
glu/system: System requirements: libGLU already installed

======== Installing packages ========
blake2/20190724@thedarkmod: Already installed! (1 of 28)
doctest/2.4.11: Already installed! (2 of 28)
gnu-config/cci.20210814: Already installed! (3 of 28)
libjpeg/9f@thedarkmod: Already installed! (4 of 28)
m4/1.4.19: Already installed! (5 of 28)
mbedtls/3.6.6: Already installed! (6 of 28)

-------- Installing package nasm/2.16.01 (7 of 28) --------
nasm/2.16.01: Building from source
nasm/2.16.01: Package nasm/2.16.01:8ff32efb8d691cb13cf4fbfc650b0bd21932e611
nasm/2.16.01: settings: os=FreeBSD arch=x86_64 build_type=Release
>>> Source step
nasm/2.16.01: Copying sources to build folder
nasm/2.16.01: Building your package in /home/tigersharke/GitRepos/PortsTree/games/darkmod-dev/work/.conan2/p/b/nasme4b109ef705f0/b
>>> Generate step
Generating files for nasm/2.16.01
Generators folder: /home/tigersharke/GitRepos/PortsTree/games/darkmod-dev/work/.conan2/p/b/nasme4b109ef705f0/b/build-release/conan
Calling generate() method in recipe
Generating aggregated env files
Generated aggregated env files: ['conanbuild.sh', 'conanrun.sh']
>>> Build step
Building nasm/2.16.01
nasm/2.16.01: Calling build()
nasm/2.16.01: Apply patch (file): patches/2.16.01-0001-disable-newly-integrated-dependency-tracking.patch
nasm/2.16.01: RUN: "/home/tigersharke/GitRepos/PortsTree/games/darkmod-dev/work/.conan2/p/b/nasme4b109ef705f0/b/src/configure" --prefix=/ '--bindir=${prefix}/bin' '--sbindir=${prefix}/bin' '--libdir=${prefix}/lib' '--includedir=${prefix}/include' '--oldincludedir=${prefix}/include' 
nasm/2.16.01: Full command: . "/home/tigersharke/GitRepos/PortsTree/games/darkmod-dev/work/.conan2/p/b/nasme4b109ef705f0/b/build-release/conan/conanbuild.sh" && "/home/tigersharke/GitRepos/PortsTree/games/darkmod-dev/work/.conan2/p/b/nasme4b109ef705f0/b/src/configure" --prefix=/ '--bindir=${prefix}/bin' '--sbindir=${prefix}/bin' '--libdir=${prefix}/lib' '--includedir=${prefix}/include' '--oldincludedir=${prefix}/include' 
checking build system type... x86_64-unknown-freebsd15.1
checking host system type... x86_64-unknown-freebsd15.1
checking for gcc... no
checking for cc... cc
checking whether the C compiler works... yes
checking for C compiler default output file name... a.out
checking for suffix of executables... 
checking whether we are cross compiling... no
checking for suffix of object files... o
checking whether the compiler supports GNU C... yes
checking whether cc accepts -g... yes
checking for cc option to enable C11 features... none needed
checking for stdio.h... yes
checking for stdlib.h... yes
checking for string.h... yes
checking for inttypes.h... yes
checking for stdint.h... yes
checking for strings.h... yes
checking for sys/stat.h... yes
checking for sys/types.h... yes
checking for unistd.h... yes
checking for wchar.h... yes
checking for minix/config.h... no
checking for sys/param.h... yes
checking whether it is safe to define __EXTENSIONS__... yes
checking whether _XOPEN_SOURCE should be defined... no
checking for special C compiler options needed for large files... no
checking for _FILE_OFFSET_BITS value needed for large files... no
checking if cc accepts -std=c17... yes
checking for size_t... yes
checking whether byte ordering is bigendian... no
checking if cc accepts -Werror=unknown-warning-option... yes
checking if cc accepts -fwrapv... yes
checking if cc accepts -ftrivial-auto-var-init=zero... yes
checking if cc accepts -U__STRICT_ANSI__... yes
checking if cc accepts -fno-common... yes
checking for suffix of library files... a
checking whether ln -s works... yes
checking whether make sets $(MAKE)... yes
checking for a BSD-compatible install... /usr/bin/install -c
checking for a race-free mkdir -p... /usr/local/bin/gmkdir -p
checking for nroff... nroff
checking for asciidoc... asciidoc
checking for xmlto... no
checking for xz... xz
configure: WARNING: No xmlto package found, cannot build man pages
checking for ar... ar
checking for ranlib... ranlib
checking for strip... strip
checking for an ANSI C-conforming const... yes
checking for inline... inline
checking for C/C++ restrict keyword... __restrict__
checking for string.h... (cached) yes
checking for stdarg.h... yes
checking for inttypes.h... (cached) yes
checking for strings.h... (cached) yes
checking for _Bool... yes
checking for stdbool.h that conforms to C99... yes
checking for stdnoreturn.h... yes
checking for io.h... no
checking for fcntl.h... yes
checking for unistd.h... (cached) yes
checking for sys/mman.h... yes
checking for sys/types.h... (cached) yes
checking for sys/stat.h... (cached) yes
checking for sys/resource.h... yes
checking for strcasecmp... yes
checking for stricmp... no
checking for strncasecmp... yes
checking for strnicmp... no
checking for strsep... yes
checking for strnlen... yes
checking for strrchrnul... no
checking for iscntrl... yes
checking for isascii... yes
checking for mempcpy... yes
checking for mempset... no
checking for getuid... yes
checking for getgid... yes
checking for getrlimit... yes
checking for realpath... yes
checking for canonicalize_file_name... no
checking for _fullpath... no
checking for pathconf... yes
checking for _LARGEFILE_SOURCE value needed for large files... no
checking for _fseeki64... no
checking for ftruncate... yes
checking for _chsize... no
checking for _chsize_s... no
checking for fileno... yes
checking for _fileno... no
checking for getpagesize... yes
checking for working mmap... yes
checking for getpagesize... (cached) yes
checking for sysconf... yes
checking for access... yes
checking for _access... yes
checking for faccessat... yes
checking for __builtin_expect... yes
checking for intrin.h... no
checking for __builtin_clz... yes
checking for __builtin_clzl... yes
checking for __builtin_clzll... yes
checking for _BitScanReverse... no
checking for _BitScanReverse64... no
checking for sprintf... snprintf
checking for vsnprintf... vsnprintf
checking for strlcpy... yes
checking for strrchrnul... (cached) no
checking for struct _stati64... no
checking for struct stat... yes
checking for stat... yes
checking for _stati64... no
checking for fstat... yes
checking for _fstati64... no
checking for S_ISREG... no
checking for cc options needed to detect all undeclared functions... -fno-builtin
checking whether strcasecmp is declared... yes
checking whether stricmp is declared... no
checking whether strncasecmp is declared... yes
checking whether strnicmp is declared... no
checking whether strsep is declared... yes
checking whether strlcpy is declared... yes
checking whether strnlen is declared... yes
checking whether strrchrnul is declared... no
checking for uintptr_t... yes
checking for endian.h... yes
checking for sys/endian.h... yes
checking for machine/endian.h... yes
checking for cpu_to_le16... no
checking for cpu_to_le32... no
checking for cpu_to_le64... no
checking for __cpu_to_le16... no
checking for __cpu_to_le32... no
checking for __cpu_to_le64... no
checking for htole16... yes
checking for htole32... yes
checking for htole64... yes
checking for __bswap_16... no
checking for __bswap_32... no
checking for __bswap_64... no
checking for __builtin_bswap16... yes
checking for __builtin_bswap32... yes
checking for __builtin_bswap64... yes
checking for _byteswap_ushort... no
checking for _byteswap_ulong... no
checking for _byteswap_uint64... no
checking for __builtin_constant_p... yes
checking for __builtin_choose_expr... yes
checking if cc accepts -Werror=attributes... yes
checking if cc supports the noreturn function attribute... yes
checking if cc supports the noreturn function attribute on pointers... yes
checking if cc supports the returns_nonnull function attribute... yes
checking if cc supports the returns_nonnull function attribute on pointers... no
checking if cc supports the malloc function attribute... yes
checking if cc supports the malloc function attribute on pointers... no
checking if cc supports the alloc_size(1) function attribute... yes
checking if cc supports the alloc_size(1) function attribute on pointers... yes
checking if cc supports the alloc_size(1,2) function attribute... no
checking if cc supports the alloc_size(1,2) function attribute on pointers... no
checking if cc supports the sentinel function attribute... yes
checking if cc supports the sentinel function attribute on pointers... no
checking if cc supports the format(printf,1,2) function attribute... yes
checking if cc supports the format(printf,1,2) function attribute on pointers... yes
checking if cc supports the const function attribute... yes
checking if cc supports the const function attribute on pointers... yes
checking if cc supports the pure function attribute... yes
checking if cc supports the pure function attribute on pointers... yes
checking if cc supports the cold function attribute... yes
checking if cc supports the cold function attribute on pointers... no
checking if cc supports the unused function attribute... yes
checking if cc supports the unused function attribute on pointers... yes
checking if cc supports the error function attribute... yes
checking if cc accepts -ffunction-sections... yes
checking if cc accepts -fdata-sections... yes
checking if cc accepts -Wl,--gc-sections... yes
checking if cc accepts -fvisibility=hidden... yes
checking if cc accepts -Wall... yes
checking if cc accepts -W... yes
checking if cc accepts -pedantic... yes
checking if cc accepts -Wc90-c99-compat... no
checking if cc accepts -Wc99-compat... yes
checking if cc accepts -Wc99-extensions... yes
checking if cc accepts -Wpedantic-ms-format... no
checking if cc accepts -Wlong-long... yes
checking if cc accepts -Wstringop-truncation... no
checking if cc accepts -Wshift-negative-value... yes
checking if cc accepts -Werror=implicit... yes
checking if cc accepts -Werror=missing-braces... yes
checking if cc accepts -Werror=return-type... yes
checking if cc accepts -Werror=trigraphs... yes
checking if cc accepts -Werror=pointer-arith... yes
checking if cc accepts -Werror=strict-prototypes... yes
checking if cc accepts -Werror=missing-prototypes... yes
checking if cc accepts -Werror=missing-declarations... yes
checking if cc accepts -Werror=comment... yes
checking if cc accepts -Werror=vla... yes
checking if cc supports C99 external inlines... yes
checking if cc supports typeof... __typeof
configure: creating ./config.status
config.status: creating Makefile
config.status: creating doc/Makefile
config.status: creating config/config.h

nasm/2.16.01: RUN: make -j4
nasm/2.16.01: Full command: . "/home/tigersharke/GitRepos/PortsTree/games/darkmod-dev/work/.conan2/p/b/nasme4b109ef705f0/b/build-release/conan/conanbuild.sh" && make -j4
make: /home/tigersharke/GitRepos/PortsTree/games/darkmod-dev/work/.conan2/p/b/nasme4b109ef705f0/b/src/Makefile:73: Invalid line "ifeq ($(TRACE),1)", expanded to "ifeq "
make: /home/tigersharke/GitRepos/PortsTree/games/darkmod-dev/work/.conan2/p/b/nasme4b109ef705f0/b/src/Makefile:75: Invalid line "endif"
make: /home/tigersharke/GitRepos/PortsTree/games/darkmod-dev/work/.conan2/p/b/nasme4b109ef705f0/b/src/Makefile:447: warning: Invalid character " " in variable name "shell find . -type f -name '*.p[lh]'"
make: /home/tigersharke/GitRepos/PortsTree/games/darkmod-dev/work/.conan2/p/b/nasme4b109ef705f0/b/src/Makefile:449: warning: Invalid character " " in variable name "shell find . -type f -name '*.p[lh]'"
make: Fatal errors encountered -- cannot continue
make: stopped making "all" in /home/tigersharke/GitRepos/PortsTree/games/darkmod-dev/work/.conan2/p/b/nasme4b109ef705f0/b/src

nasm/2.16.01: ERROR: 
Package '8ff32efb8d691cb13cf4fbfc650b0bd21932e611' build failed
nasm/2.16.01: WARN: Build folder /home/tigersharke/GitRepos/PortsTree/games/darkmod-dev/work/.conan2/p/b/nasme4b109ef705f0/b/build-release
Formatted output saved to '/tmp/conan-ful.log'
ERROR: Traceback (most recent call last):
  File "/usr/local/lib/python3.12/site-packages/conan/internal/errors.py", line 35, in conanfile_exception_formatter
    yield
  File "/usr/local/lib/python3.12/site-packages/conan/internal/methods.py", line 40, in run_build_method
    conanfile.build()
  File "/home/tigersharke/GitRepos/PortsTree/games/darkmod-dev/work/.conan2/p/nasmcec2223b9918c/e/conanfile.py", line 99, in build
    autotools.make()
  File "/usr/local/lib/python3.12/site-packages/conan/tools/gnu/autotools.py", line 88, in make
    self._conanfile.run(command)
  File "/usr/local/lib/python3.12/site-packages/conan/internal/model/conan_file.py", line 419, in run
    raise ConanException("Error %d while executing" % retcode)
conan.errors.ConanException: Error 1 while executing

nasm/2.16.01: Error in build() method, line 99
	autotools.make()
	ConanException: Error 1 while executing
